{"finished": 1, "last": {"game": 0, "candidate_color": 1, "winner": -1, "outcome": "loss", "cutoff_reason": null, "ply": 44}, "elapsed": 2.4}
{"finished": 2, "last": {"game": 1, "candidate_color": -1, "winner": -1, "outcome": "win", "cutoff_reason": null, "ply": 66}, "elapsed": 6.2}
{"finished": 3, "last": {"game": 2, "candidate_color": 1, "winner": -1, "outcome": "loss", "cutoff_reason": null, "ply": 98}, "elapsed": 11.9}
{"finished": 4, "last": {"game": 3, "candidate_color": -1, "winner": -1, "outcome": "win", "cutoff_reason": null, "ply": 40}, "elapsed": 14.2}
{"finished": 5, "last": {"game": 4, "candidate_color": 1, "winner": -1, "outcome": "loss", "cutoff_reason": null, "ply": 122}, "elapsed": 21.5}
{"finished": 6, "last": {"game": 5, "candidate_color": -1, "winner": 1, "outcome": "loss", "cutoff_reason": null, "ply": 37}, "elapsed": 23.5}
{"finished": 7, "last": {"game": 6, "candidate_color": 1, "winner": 1, "outcome": "win", "cutoff_reason": null, "ply": 39}, "elapsed": 25.6}
{"finished": 8, "last": {"game": 7, "candidate_color": -1, "winner": -1, "outcome": "win", "cutoff_reason": null, "ply": 48}, "elapsed": 28.2}
{"finished": 9, "last": {"game": 8, "candidate_color": 1, "winner": 1, "outcome": "win", "cutoff_reason": null, "ply": 87}, "elapsed": 33.3}
{"finished": 10, "last": {"game": 9, "candidate_color": -1, "winner": 1, "outcome": "loss", "cutoff_reason": null, "ply": 59}, "elapsed": 36.6}
{"finished": 11, "last": {"game": 10, "candidate_color": 1, "winner": -1, "outcome": "loss", "cutoff_reason": null, "ply": 108}, "elapsed": 43.1}
{"finished": 12, "last": {"game": 11, "candidate_color": -1, "winner": 1, "outcome": "loss", "cutoff_reason": null, "ply": 67}, "elapsed": 46.8}
{"finished": 13, "last": {"game": 12, "candidate_color": 1, "winner": 1, "outcome": "win", "cutoff_reason": null, "ply": 75}, "elapsed": 51.0}
{"finished": 14, "last": {"game": 13, "candidate_color": -1, "winner": 1, "outcome": "loss", "cutoff_reason": null, "ply": 79}, "elapsed": 55.8}
{"finished": 15, "last": {"game": 14, "candidate_color": 1, "winner": -1, "outcome": "loss", "cutoff_reason": null, "ply": 66}, "elapsed": 59.5}
{"finished": 16, "last": {"game": 15, "candidate_color": -1, "winner": 1, "outcome": "loss", "cutoff_reason": null, "ply": 111}, "elapsed": 66.0}
{"finished": 17, "last": {"game": 16, "candidate_color": 1, "winner": -1, "outcome": "loss", "cutoff_reason": null, "ply": 102}, "elapsed": 72.0}
{"finished": 18, "last": {"game": 17, "candidate_color": -1, "winner": 1, "outcome": "loss", "cutoff_reason": null, "ply": 49}, "elapsed": 74.8}
{"finished": 19, "last": {"game": 18, "candidate_color": 1, "winner": -1, "outcome": "loss", "cutoff_reason": null, "ply": 92}, "elapsed": 80.1}
{"finished": 20, "last": {"game": 19, "candidate_color": -1, "winner": -1, "outcome": "win", "cutoff_reason": null, "ply": 86}, "elapsed": 85.1}
{"finished": 21, "last": {"game": 20, "candidate_color": 1, "winner": -1, "outcome": "loss", "cutoff_reason": null, "ply": 96}, "elapsed": 90.8}
{"finished": 22, "last": {"game": 21, "candidate_color": -1, "winner": -1, "outcome": "win", "cutoff_reason": null, "ply": 84}, "elapsed": 95.6}
{"finished": 23, "last": {"game": 22, "candidate_color": 1, "winner": -1, "outcome": "loss", "cutoff_reason": null, "ply": 118}, "elapsed": 102.5}
{"finished": 24, "last": {"game": 23, "candidate_color": -1, "winner": 1, "outcome": "loss", "cutoff_reason": null, "ply": 283}, "elapsed": 120.6}
{"finished": 25, "last": {"game": 24, "candidate_color": 1, "winner": -1, "outcome": "loss", "cutoff_reason": null, "ply": 46}, "elapsed": 123.0}
{"finished": 26, "last": {"game": 25, "candidate_color": -1, "winner": 1, "outcome": "loss", "cutoff_reason": null, "ply": 79}, "elapsed": 127.5}
{"finished": 27, "last": {"game": 26, "candidate_color": 1, "winner": -1, "outcome": "loss", "cutoff_reason": null, "ply": 66}, "elapsed": 131.1}
{"finished": 28, "last": {"game": 27, "candidate_color": -1, "winner": 1, "outcome": "loss", "cutoff_reason": null, "ply": 63}, "elapsed": 134.7}
{"finished": 29, "last": {"game": 28, "candidate_color": 1, "winner": 1, "outcome": "win", "cutoff_reason": null, "ply": 117}, "elapsed": 141.7}
{"finished": 30, "last": {"game": 29, "candidate_color": -1, "winner": 1, "outcome": "loss", "cutoff_reason": null, "ply": 81}, "elapsed": 146.3}
{"finished": 31, "last": {"game": 30, "candidate_color": 1, "winner": 1, "outcome": "win", "cutoff_reason": null, "ply": 87}, "elapsed": 151.4}
{"finished": 32, "last": {"game": 31, "candidate_color": -1, "winner": 1, "outcome": "loss", "cutoff_reason": null, "ply": 97}, "elapsed": 157.1}
{"finished": 33, "last": {"game": 32, "candidate_color": 1, "winner": -1, "outcome": "loss", "cutoff_reason": null, "ply": 48}, "elapsed": 159.8}
{"finished": 34, "last": {"game": 33, "candidate_color": -1, "winner": -1, "outcome": "win", "cutoff_reason": null, "ply": 64}, "elapsed": 163.4}
{"finished": 35, "last": {"game": 34, "candidate_color": 1, "winner": 1, "outcome": "win", "cutoff_reason": null, "ply": 67}, "elapsed": 167.3}
{"finished": 36, "last": {"game": 35, "candidate_color": -1, "winner": -1, "outcome": "win", "cutoff_reason": null, "ply": 98}, "elapsed": 173.0}
{"finished": 37, "last": {"game": 36, "candidate_color": 1, "winner": 1, "outcome": "win", "cutoff_reason": null, "ply": 67}, "elapsed": 176.8}
{"finished": 38, "last": {"game": 37, "candidate_color": -1, "winner": -1, "outcome": "win", "cutoff_reason": null, "ply": 66}, "elapsed": 180.6}
{"finished": 39, "last": {"game": 38, "candidate_color": 1, "winner": 1, "outcome": "win", "cutoff_reason": null, "ply": 93}, "elapsed": 186.1}
{"finished": 40, "last": {"game": 39, "candidate_color": -1, "winner": 1, "outcome": "loss", "cutoff_reason": null, "ply": 73}, "elapsed": 190.2}
{"finished": 41, "last": {"game": 40, "candidate_color": 1, "winner": 1, "outcome": "win", "cutoff_reason": null, "ply": 77}, "elapsed": 194.6}
{"finished": 42, "last": {"game": 41, "candidate_color": -1, "winner": 1, "outcome": "loss", "cutoff_reason": null, "ply": 59}, "elapsed": 197.9}
{"finished": 43, "last": {"game": 42, "candidate_color": 1, "winner": -1, "outcome": "loss", "cutoff_reason": null, "ply": 66}, "elapsed": 201.7}
{"finished": 44, "last": {"game": 43, "candidate_color": -1, "winner": -1, "outcome": "win", "cutoff_reason": null, "ply": 68}, "elapsed": 205.5}
{"finished": 45, "last": {"game": 44, "candidate_color": 1, "winner": -1, "outcome": "loss", "cutoff_reason": null, "ply": 42}, "elapsed": 207.6}
{"finished": 46, "last": {"game": 45, "candidate_color": -1, "winner": -1, "outcome": "win", "cutoff_reason": null, "ply": 80}, "elapsed": 212.2}
{"finished": 47, "last": {"game": 46, "candidate_color": 1, "winner": 1, "outcome": "win", "cutoff_reason": null, "ply": 65}, "elapsed": 216.0}
{"finished": 48, "last": {"game": 47, "candidate_color": -1, "winner": 1, "outcome": "loss", "cutoff_reason": null, "ply": 73}, "elapsed": 220.2}
{"finished": 49, "last": {"game": 48, "candidate_color": 1, "winner": 1, "outcome": "win", "cutoff_reason": null, "ply": 37}, "elapsed": 222.3}
{"finished": 50, "last": {"game": 49, "candidate_color": -1, "winner": 1, "outcome": "loss", "cutoff_reason": null, "ply": 159}, "elapsed": 231.8}
{"finished": 51, "last": {"game": 50, "candidate_color": 1, "winner": -1, "outcome": "loss", "cutoff_reason": null, "ply": 76}, "elapsed": 236.2}
{"finished": 52, "last": {"game": 51, "candidate_color": -1, "winner": -1, "outcome": "win", "cutoff_reason": null, "ply": 62}, "elapsed": 239.7}
{"finished": 53, "last": {"game": 52, "candidate_color": 1, "winner": -1, "outcome": "loss", "cutoff_reason": null, "ply": 66}, "elapsed": 243.5}
{"finished": 54, "last": {"game": 53, "candidate_color": -1, "winner": -1, "outcome": "win", "cutoff_reason": null, "ply": 80}, "elapsed": 248.2}
{"finished": 55, "last": {"game": 54, "candidate_color": 1, "winner": -1, "outcome": "loss", "cutoff_reason": null, "ply": 70}, "elapsed": 252.2}
{"finished": 56, "last": {"game": 55, "candidate_color": -1, "winner": -1, "outcome": "win", "cutoff_reason": null, "ply": 66}, "elapsed": 256.1}
{"finished": 57, "last": {"game": 56, "candidate_color": 1, "winner": 1, "outcome": "win", "cutoff_reason": null, "ply": 41}, "elapsed": 258.3}
{"finished": 58, "last": {"game": 57, "candidate_color": -1, "winner": -1, "outcome": "win", "cutoff_reason": null, "ply": 62}, "elapsed": 261.7}
{"finished": 59, "last": {"game": 58, "candidate_color": 1, "winner": -1, "outcome": "loss", "cutoff_reason": null, "ply": 96}, "elapsed": 267.4}
{"finished": 60, "last": {"game": 59, "candidate_color": -1, "winner": -1, "outcome": "win", "cutoff_reason": null, "ply": 72}, "elapsed": 271.5}
{"finished": 61, "last": {"game": 60, "candidate_color": 1, "winner": 1, "outcome": "win", "cutoff_reason": null, "ply": 79}, "elapsed": 276.2}
{"finished": 62, "last": {"game": 61, "candidate_color": -1, "winner": 1, "outcome": "loss", "cutoff_reason": null, "ply": 71}, "elapsed": 280.3}
{"finished": 63, "last": {"game": 62, "candidate_color": 1, "winner": 1, "outcome": "win", "cutoff_reason": null, "ply": 79}, "elapsed": 284.8}
{"finished": 64, "last": {"game": 63, "candidate_color": -1, "winner": 1, "outcome": "loss", "cutoff_reason": null, "ply": 73}, "elapsed": 289.0}
{"finished": 65, "last": {"game": 64, "candidate_color": 1, "winner": 1, "outcome": "win", "cutoff_reason": null, "ply": 89}, "elapsed": 294.1}
{"finished": 66, "last": {"game": 65, "candidate_color": -1, "winner": 1, "outcome": "loss", "cutoff_reason": null, "ply": 35}, "elapsed": 295.9}
{"finished": 67, "last": {"game": 66, "candidate_color": 1, "winner": 1, "outcome": "win", "cutoff_reason": null, "ply": 59}, "elapsed": 299.2}
{"finished": 68, "last": {"game": 67, "candidate_color": -1, "winner": 1, "outcome": "loss", "cutoff_reason": null, "ply": 57}, "elapsed": 302.3}
{"finished": 69, "last": {"game": 68, "candidate_color": 1, "winner": -1, "outcome": "loss", "cutoff_reason": null, "ply": 56}, "elapsed": 305.4}
{"finished": 70, "last": {"game": 69, "candidate_color": -1, "winner": -1, "outcome": "win", "cutoff_reason": null, "ply": 84}, "elapsed": 310.2}
{"finished": 71, "last": {"game": 70, "candidate_color": 1, "winner": -1, "outcome": "loss", "cutoff_reason": null, "ply": 84}, "elapsed": 315.1}
{"finished": 72, "last": {"game": 71, "candidate_color": -1, "winner": -1, "outcome": "win", "cutoff_reason": null, "ply": 88}, "elapsed": 320.3}
{"finished": 73, "last": {"game": 72, "candidate_color": 1, "winner": 1, "outcome": "win", "cutoff_reason": null, "ply": 49}, "elapsed": 323.0}
{"finished": 74, "last": {"game": 73, "candidate_color": -1, "winner": -1, "outcome": "win", "cutoff_reason": null, "ply": 82}, "elapsed": 327.6}
{"finished": 75, "last": {"game": 74, "candidate_color": 1, "winner": 1, "outcome": "win", "cutoff_reason": null, "ply": 89}, "elapsed": 332.8}
{"finished": 76, "last": {"game": 75, "candidate_color": -1, "winner": -1, "outcome": "win", "cutoff_reason": null, "ply": 80}, "elapsed": 337.3}
{"finished": 77, "last": {"game": 76, "candidate_color": 1, "winner": -1, "outcome": "loss", "cutoff_reason": null, "ply": 38}, "elapsed": 339.4}
{"finished": 78, "last": {"game": 77, "candidate_color": -1, "winner": 1, "outcome": "loss", "cutoff_reason": null, "ply": 115}, "elapsed": 346.2}
{"finished": 79, "last": {"game": 78, "candidate_color": 1, "winner": 1, "outcome": "win", "cutoff_reason": null, "ply": 79}, "elapsed": 350.7}
{"finished": 80, "last": {"game": 79, "candidate_color": -1, "winner": 1, "outcome": "loss", "cutoff_reason": null, "ply": 73}, "elapsed": 354.9}
{"candidate": "/workspace/gipf/checkpoints/overnight/20260909T235853Z/selected-final-cb19bc298969.pt", "champion": "/workspace/gipf/checkpoints/overnight/20260909T235853Z/served-champion-d5a7e3bda296.pt", "hashes": ["cb19bc298969043987463b267b909ca38c7ead84bab3c0b46571b6ef30e6d00f", "d5a7e3bda2966a79d22cf34f131976907260e679683d0e2680d935312f41c2f6"], "models": [{"games": 93916, "iteration": 2873, "config": {"kind": "hexresnet", "width": 32, "blocks": 2, "head": "flat"}}, {"games": 43869, "iteration": 727, "config": {"kind": "resnet", "width": 32, "blocks": 2, "head": "flat"}}], "wins": 38, "losses": 42, "cutoffs": 0, "unfinished": 0, "win_rate_decisive": 0.475, "wilson_95_decisive": [0.36924733297407575, 0.5830435735027006], "candidate_root_simulations": {"count": 3526, "mean": 251.41775382870108, "min": 44, "max": 10000}, "champion_root_simulations": {"count": 3523, "mean": 243.38575078058471, "min": 41, "max": 10000}, "candidate_search_seconds": {"count": 3526, "mean": 0.05023197256244182, "min": 0.02666553482413292, "max": 0.06883102655410767}, "champion_search_seconds": {"count": 3523, "mean": 0.05029253078465464, "min": 0.02774936333298683, "max": 0.10136080533266068}, "elapsed_seconds": 354.87011195346713}
