[main 1919a9a] Publish overnight evaluation 20260909T235853Z
 147 files changed, 12984 insertions(+)
 create mode 100644 reports/overnight/20260909T235853Z/MODEL_CARD.md
 create mode 100644 reports/overnight/20260909T235853Z/RESULTS.md
 create mode 100644 reports/overnight/20260909T235853Z/comparison-checkpoints-manifest.json
 create mode 100644 reports/overnight/20260909T235853Z/comparison-checkpoints-publication.json
 create mode 100644 reports/overnight/20260909T235853Z/comparison-upload.log
 create mode 100644 reports/overnight/20260909T235853Z/config.json
 create mode 100644 reports/overnight/20260909T235853Z/final-checkpoint-publication.json
 create mode 100644 reports/overnight/20260909T235853Z/final-checkpoint-upload.log
 create mode 100644 reports/overnight/20260909T235853Z/final-vs-served.json
 create mode 100644 reports/overnight/20260909T235853Z/final-vs-served.jsonl
 create mode 100644 reports/overnight/20260909T235853Z/final-vs-served.log
 create mode 100644 reports/overnight/20260909T235853Z/github-commit.log
 create mode 100644 reports/overnight/20260909T235853Z/hexcnn32-seed410101-vs-querytransformer164x5-seed410101-equal_cpu_time-seed1380101-attempt1.json
 create mode 100644 reports/overnight/20260909T235853Z/hexcnn32-seed410101-vs-querytransformer164x5-seed410101-equal_cpu_time-seed1380101-attempt1.jsonl
 create mode 100644 reports/overnight/20260909T235853Z/hexcnn32-seed410101-vs-querytransformer164x5-seed410101-equal_cpu_time-seed1380101-attempt1.log
 create mode 100644 reports/overnight/20260909T235853Z/hexcnn32-seed410101-vs-querytransformer164x5-seed410101-equal_simulations-seed1380101-attempt1.json
 create mode 100644 reports/overnight/20260909T235853Z/hexcnn32-seed410101-vs-querytransformer164x5-seed410101-equal_simulations-seed1380101-attempt1.jsonl
 create mode 100644 reports/overnight/20260909T235853Z/hexcnn32-seed410101-vs-querytransformer164x5-seed410101-equal_simulations-seed1380101-attempt1.log
 create mode 100644 reports/overnight/20260909T235853Z/hexcnn32-seed410101-vs-querytransformer164x5-seed410101-equal_simulations-seed1380101-retry-complete.json
 create mode 100644 reports/overnight/20260909T235853Z/hexcnn32-seed410101-vs-querytransformer164x5-seed410101-equal_simulations-seed1380101-retry-complete.jsonl
 create mode 100644 reports/overnight/20260909T235853Z/hexcnn32-seed410101-vs-querytransformer164x5-seed410101-equal_simulations-seed1380101-retry-complete.log
 create mode 100644 reports/overnight/20260909T235853Z/hexcnn32-seed410101-vs-querytransformer256x2-seed410101-equal_cpu_time-seed1380101-attempt1.json
 create mode 100644 reports/overnight/20260909T235853Z/hexcnn32-seed410101-vs-querytransformer256x2-seed410101-equal_cpu_time-seed1380101-attempt1.jsonl
 create mode 100644 reports/overnight/20260909T235853Z/hexcnn32-seed410101-vs-querytransformer256x2-seed410101-equal_cpu_time-seed1380101-attempt1.log
 create mode 100644 reports/overnight/20260909T235853Z/hexcnn32-seed410101-vs-querytransformer256x2-seed410101-equal_simulations-seed1380101-attempt1.json
 create mode 100644 reports/overnight/20260909T235853Z/hexcnn32-seed410101-vs-querytransformer256x2-seed410101-equal_simulations-seed1380101-attempt1.jsonl
 create mode 100644 reports/overnight/20260909T235853Z/hexcnn32-seed410101-vs-querytransformer256x2-seed410101-equal_simulations-seed1380101-attempt1.log
 create mode 100644 reports/overnight/20260909T235853Z/hexcnn32-seed410102-vs-querytransformer164x5-seed410102-equal_cpu_time-seed1380102-attempt1.json
 create mode 100644 reports/overnight/20260909T235853Z/hexcnn32-seed410102-vs-querytransformer164x5-seed410102-equal_cpu_time-seed1380102-attempt1.jsonl
 create mode 100644 reports/overnight/20260909T235853Z/hexcnn32-seed410102-vs-querytransformer164x5-seed410102-equal_cpu_time-seed1380102-attempt1.log
 create mode 100644 reports/overnight/20260909T235853Z/hexcnn32-seed410102-vs-querytransformer164x5-seed410102-equal_simulations-seed1380102-attempt1.json
 create mode 100644 reports/overnight/20260909T235853Z/hexcnn32-seed410102-vs-querytransformer164x5-seed410102-equal_simulations-seed1380102-attempt1.jsonl
 create mode 100644 reports/overnight/20260909T235853Z/hexcnn32-seed410102-vs-querytransformer164x5-seed410102-equal_simulations-seed1380102-attempt1.log
 create mode 100644 reports/overnight/20260909T235853Z/hexcnn32-seed410102-vs-querytransformer256x2-seed410102-equal_cpu_time-seed1380102-attempt1.json
 create mode 100644 reports/overnight/20260909T235853Z/hexcnn32-seed410102-vs-querytransformer256x2-seed410102-equal_cpu_time-seed1380102-attempt1.jsonl
 create mode 100644 reports/overnight/20260909T235853Z/hexcnn32-seed410102-vs-querytransformer256x2-seed410102-equal_cpu_time-seed1380102-attempt1.log
 create mode 100644 reports/overnight/20260909T235853Z/hexcnn32-seed410102-vs-querytransformer256x2-seed410102-equal_simulations-seed1380102-attempt1.json
 create mode 100644 reports/overnight/20260909T235853Z/hexcnn32-seed410102-vs-querytransformer256x2-seed410102-equal_simulations-seed1380102-attempt1.jsonl
 create mode 100644 reports/overnight/20260909T235853Z/hexcnn32-seed410102-vs-querytransformer256x2-seed410102-equal_simulations-seed1380102-attempt1.log
 create mode 100644 reports/overnight/20260909T235853Z/huggingface-upload.log
 create mode 100644 reports/overnight/20260909T235853Z/mlp256-seed410101-vs-hexcnn32-seed410101-equal_cpu_time-seed1380101-attempt1.json
 create mode 100644 reports/overnight/20260909T235853Z/mlp256-seed410101-vs-hexcnn32-seed410101-equal_cpu_time-seed1380101-attempt1.jsonl
 create mode 100644 reports/overnight/20260909T235853Z/mlp256-seed410101-vs-hexcnn32-seed410101-equal_cpu_time-seed1380101-attempt1.log
 create mode 100644 reports/overnight/20260909T235853Z/mlp256-seed410101-vs-hexcnn32-seed410101-equal_simulations-seed1380101-attempt1.json
 create mode 100644 reports/overnight/20260909T235853Z/mlp256-seed410101-vs-hexcnn32-seed410101-equal_simulations-seed1380101-attempt1.jsonl
 create mode 100644 reports/overnight/20260909T235853Z/mlp256-seed410101-vs-hexcnn32-seed410101-equal_simulations-seed1380101-attempt1.log
 create mode 100644 reports/overnight/20260909T235853Z/mlp256-seed410101-vs-querytransformer164x5-seed410101-equal_cpu_time-seed1380101-attempt1.json
 create mode 100644 reports/overnight/20260909T235853Z/mlp256-seed410101-vs-querytransformer164x5-seed410101-equal_cpu_time-seed1380101-attempt1.jsonl
 create mode 100644 reports/overnight/20260909T235853Z/mlp256-seed410101-vs-querytransformer164x5-seed410101-equal_cpu_time-seed1380101-attempt1.log
 create mode 100644 reports/overnight/20260909T235853Z/mlp256-seed410101-vs-querytransformer164x5-seed410101-equal_simulations-seed1380101-attempt1.json
 create mode 100644 reports/overnight/20260909T235853Z/mlp256-seed410101-vs-querytransformer164x5-seed410101-equal_simulations-seed1380101-attempt1.jsonl
 create mode 100644 reports/overnight/20260909T235853Z/mlp256-seed410101-vs-querytransformer164x5-seed410101-equal_simulations-seed1380101-attempt1.log
 create mode 100644 reports/overnight/20260909T235853Z/mlp256-seed410101-vs-querytransformer256x2-seed410101-equal_cpu_time-seed1380101-attempt1.json
 create mode 100644 reports/overnight/20260909T235853Z/mlp256-seed410101-vs-querytransformer256x2-seed410101-equal_cpu_time-seed1380101-attempt1.jsonl
 create mode 100644 reports/overnight/20260909T235853Z/mlp256-seed410101-vs-querytransformer256x2-seed410101-equal_cpu_time-seed1380101-attempt1.log
 create mode 100644 reports/overnight/20260909T235853Z/mlp256-seed410101-vs-querytransformer256x2-seed410101-equal_simulations-seed1380101-attempt1.json
 create mode 100644 reports/overnight/20260909T235853Z/mlp256-seed410101-vs-querytransformer256x2-seed410101-equal_simulations-seed1380101-attempt1.jsonl
 create mode 100644 reports/overnight/20260909T235853Z/mlp256-seed410101-vs-querytransformer256x2-seed410101-equal_simulations-seed1380101-attempt1.log
 create mode 100644 reports/overnight/20260909T235853Z/mlp256-seed410101-vs-squarecnn32-seed410101-equal_cpu_time-seed1380101-attempt1.json
 create mode 100644 reports/overnight/20260909T235853Z/mlp256-seed410101-vs-squarecnn32-seed410101-equal_cpu_time-seed1380101-attempt1.jsonl
 create mode 100644 reports/overnight/20260909T235853Z/mlp256-seed410101-vs-squarecnn32-seed410101-equal_cpu_time-seed1380101-attempt1.log
 create mode 100644 reports/overnight/20260909T235853Z/mlp256-seed410101-vs-squarecnn32-seed410101-equal_simulations-seed1380101-attempt1.json
 create mode 100644 reports/overnight/20260909T235853Z/mlp256-seed410101-vs-squarecnn32-seed410101-equal_simulations-seed1380101-attempt1.jsonl
 create mode 100644 reports/overnight/20260909T235853Z/mlp256-seed410101-vs-squarecnn32-seed410101-equal_simulations-seed1380101-attempt1.log
 create mode 100644 reports/overnight/20260909T235853Z/mlp256-seed410102-vs-hexcnn32-seed410102-equal_cpu_time-seed1380102-attempt1.json
 create mode 100644 reports/overnight/20260909T235853Z/mlp256-seed410102-vs-hexcnn32-seed410102-equal_cpu_time-seed1380102-attempt1.jsonl
 create mode 100644 reports/overnight/20260909T235853Z/mlp256-seed410102-vs-hexcnn32-seed410102-equal_cpu_time-seed1380102-attempt1.log
 create mode 100644 reports/overnight/20260909T235853Z/mlp256-seed410102-vs-hexcnn32-seed410102-equal_simulations-seed1380102-attempt1.json
 create mode 100644 reports/overnight/20260909T235853Z/mlp256-seed410102-vs-hexcnn32-seed410102-equal_simulations-seed1380102-attempt1.jsonl
 create mode 100644 reports/overnight/20260909T235853Z/mlp256-seed410102-vs-hexcnn32-seed410102-equal_simulations-seed1380102-attempt1.log
 create mode 100644 reports/overnight/20260909T235853Z/mlp256-seed410102-vs-querytransformer164x5-seed410102-equal_cpu_time-seed1380102-attempt1.json
 create mode 100644 reports/overnight/20260909T235853Z/mlp256-seed410102-vs-querytransformer164x5-seed410102-equal_cpu_time-seed1380102-attempt1.jsonl
 create mode 100644 reports/overnight/20260909T235853Z/mlp256-seed410102-vs-querytransformer164x5-seed410102-equal_cpu_time-seed1380102-attempt1.log
 create mode 100644 reports/overnight/20260909T235853Z/mlp256-seed410102-vs-querytransformer164x5-seed410102-equal_simulations-seed1380102-attempt1.json
 create mode 100644 reports/overnight/20260909T235853Z/mlp256-seed410102-vs-querytransformer164x5-seed410102-equal_simulations-seed1380102-attempt1.jsonl
 create mode 100644 reports/overnight/20260909T235853Z/mlp256-seed410102-vs-querytransformer164x5-seed410102-equal_simulations-seed1380102-attempt1.log
 create mode 100644 reports/overnight/20260909T235853Z/mlp256-seed410102-vs-querytransformer256x2-seed410102-equal_cpu_time-seed1380102-attempt1.json
 create mode 100644 reports/overnight/20260909T235853Z/mlp256-seed410102-vs-querytransformer256x2-seed410102-equal_cpu_time-seed1380102-attempt1.jsonl
 create mode 100644 reports/overnight/20260909T235853Z/mlp256-seed410102-vs-querytransformer256x2-seed410102-equal_cpu_time-seed1380102-attempt1.log
 create mode 100644 reports/overnight/20260909T235853Z/mlp256-seed410102-vs-querytransformer256x2-seed410102-equal_simulations-seed1380102-attempt1.json
 create mode 100644 reports/overnight/20260909T235853Z/mlp256-seed410102-vs-querytransformer256x2-seed410102-equal_simulations-seed1380102-attempt1.jsonl
 create mode 100644 reports/overnight/20260909T235853Z/mlp256-seed410102-vs-querytransformer256x2-seed410102-equal_simulations-seed1380102-attempt1.log
 create mode 100644 reports/overnight/20260909T235853Z/mlp256-seed410102-vs-squarecnn32-seed410102-equal_cpu_time-seed1380102-attempt1.json
 create mode 100644 reports/overnight/20260909T235853Z/mlp256-seed410102-vs-squarecnn32-seed410102-equal_cpu_time-seed1380102-attempt1.jsonl
 create mode 100644 reports/overnight/20260909T235853Z/mlp256-seed410102-vs-squarecnn32-seed410102-equal_cpu_time-seed1380102-attempt1.log
 create mode 100644 reports/overnight/20260909T235853Z/mlp256-seed410102-vs-squarecnn32-seed410102-equal_simulations-seed1380102-attempt1.json
 create mode 100644 reports/overnight/20260909T235853Z/mlp256-seed410102-vs-squarecnn32-seed410102-equal_simulations-seed1380102-attempt1.jsonl
 create mode 100644 reports/overnight/20260909T235853Z/mlp256-seed410102-vs-squarecnn32-seed410102-equal_simulations-seed1380102-attempt1.log
 create mode 100644 reports/overnight/20260909T235853Z/querytransformer256x2-seed410101-vs-querytransformer164x5-seed410101-equal_cpu_time-seed1380101-attempt1.json
 create mode 100644 reports/overnight/20260909T235853Z/querytransformer256x2-seed410101-vs-querytransformer164x5-seed410101-equal_cpu_time-seed1380101-attempt1.jsonl
 create mode 100644 reports/overnight/20260909T235853Z/querytransformer256x2-seed410101-vs-querytransformer164x5-seed410101-equal_cpu_time-seed1380101-attempt1.log
 create mode 100644 reports/overnight/20260909T235853Z/querytransformer256x2-seed410101-vs-querytransformer164x5-seed410101-equal_simulations-seed1380101-attempt1.json
 create mode 100644 reports/overnight/20260909T235853Z/querytransformer256x2-seed410101-vs-querytransformer164x5-seed410101-equal_simulations-seed1380101-attempt1.jsonl
 create mode 100644 reports/overnight/20260909T235853Z/querytransformer256x2-seed410101-vs-querytransformer164x5-seed410101-equal_simulations-seed1380101-attempt1.log
 create mode 100644 reports/overnight/20260909T235853Z/querytransformer256x2-seed410101-vs-querytransformer164x5-seed410101-equal_simulations-seed1380101-retry-complete.json
 create mode 100644 reports/overnight/20260909T235853Z/querytransformer256x2-seed410101-vs-querytransformer164x5-seed410101-equal_simulations-seed1380101-retry-complete.jsonl
 create mode 100644 reports/overnight/20260909T235853Z/querytransformer256x2-seed410101-vs-querytransformer164x5-seed410101-equal_simulations-seed1380101-retry-complete.log
 create mode 100644 reports/overnight/20260909T235853Z/querytransformer256x2-seed410102-vs-querytransformer164x5-seed410102-equal_cpu_time-seed1380102-attempt1.json
 create mode 100644 reports/overnight/20260909T235853Z/querytransformer256x2-seed410102-vs-querytransformer164x5-seed410102-equal_cpu_time-seed1380102-attempt1.jsonl
 create mode 100644 reports/overnight/20260909T235853Z/querytransformer256x2-seed410102-vs-querytransformer164x5-seed410102-equal_cpu_time-seed1380102-attempt1.log
 create mode 100644 reports/overnight/20260909T235853Z/querytransformer256x2-seed410102-vs-querytransformer164x5-seed410102-equal_simulations-seed1380102-attempt1.json
 create mode 100644 reports/overnight/20260909T235853Z/querytransformer256x2-seed410102-vs-querytransformer164x5-seed410102-equal_simulations-seed1380102-attempt1.jsonl
 create mode 100644 reports/overnight/20260909T235853Z/querytransformer256x2-seed410102-vs-querytransformer164x5-seed410102-equal_simulations-seed1380102-attempt1.log
 create mode 100644 reports/overnight/20260909T235853Z/querytransformer256x2-seed410102-vs-querytransformer164x5-seed410102-equal_simulations-seed1380102-retry-complete.json
 create mode 100644 reports/overnight/20260909T235853Z/querytransformer256x2-seed410102-vs-querytransformer164x5-seed410102-equal_simulations-seed1380102-retry-complete.jsonl
 create mode 100644 reports/overnight/20260909T235853Z/querytransformer256x2-seed410102-vs-querytransformer164x5-seed410102-equal_simulations-seed1380102-retry-complete.log
 create mode 100644 reports/overnight/20260909T235853Z/secondary-retries.json
 create mode 100644 reports/overnight/20260909T235853Z/squarecnn32-seed410101-vs-hexcnn32-seed410101-equal_cpu_time-seed1380101-attempt1.json
 create mode 100644 reports/overnight/20260909T235853Z/squarecnn32-seed410101-vs-hexcnn32-seed410101-equal_cpu_time-seed1380101-attempt1.jsonl
 create mode 100644 reports/overnight/20260909T235853Z/squarecnn32-seed410101-vs-hexcnn32-seed410101-equal_cpu_time-seed1380101-attempt1.log
 create mode 100644 reports/overnight/20260909T235853Z/squarecnn32-seed410101-vs-hexcnn32-seed410101-equal_simulations-seed1380101-attempt1.json
 create mode 100644 reports/overnight/20260909T235853Z/squarecnn32-seed410101-vs-hexcnn32-seed410101-equal_simulations-seed1380101-attempt1.jsonl
 create mode 100644 reports/overnight/20260909T235853Z/squarecnn32-seed410101-vs-hexcnn32-seed410101-equal_simulations-seed1380101-attempt1.log
 create mode 100644 reports/overnight/20260909T235853Z/squarecnn32-seed410101-vs-hexcnn32-seed410102-equal_cpu_time-seed989001-attempt3.json
 create mode 100644 reports/overnight/20260909T235853Z/squarecnn32-seed410101-vs-hexcnn32-seed410102-equal_cpu_time-seed989001-attempt3.jsonl
 create mode 100644 reports/overnight/20260909T235853Z/squarecnn32-seed410101-vs-hexcnn32-seed410102-equal_cpu_time-seed989001-attempt3.log
 create mode 100644 reports/overnight/20260909T235853Z/squarecnn32-seed410101-vs-querytransformer164x5-seed410101-equal_cpu_time-seed1380101-attempt1.json
 create mode 100644 reports/overnight/20260909T235853Z/squarecnn32-seed410101-vs-querytransformer164x5-seed410101-equal_cpu_time-seed1380101-attempt1.jsonl
 create mode 100644 reports/overnight/20260909T235853Z/squarecnn32-seed410101-vs-querytransformer164x5-seed410101-equal_cpu_time-seed1380101-attempt1.log
 create mode 100644 reports/overnight/20260909T235853Z/squarecnn32-seed410101-vs-querytransformer164x5-seed410101-equal_simulations-seed1380101-attempt1.json
 create mode 100644 reports/overnight/20260909T235853Z/squarecnn32-seed410101-vs-querytransformer164x5-seed410101-equal_simulations-seed1380101-attempt1.jsonl
 create mode 100644 reports/overnight/20260909T235853Z/squarecnn32-seed410101-vs-querytransformer164x5-seed410101-equal_simulations-seed1380101-attempt1.log
 create mode 100644 reports/overnight/20260909T235853Z/squarecnn32-seed410101-vs-querytransformer256x2-seed410101-equal_cpu_time-seed1380101-attempt1.json
 create mode 100644 reports/overnight/20260909T235853Z/squarecnn32-seed410101-vs-querytransformer256x2-seed410101-equal_cpu_time-seed1380101-attempt1.jsonl
 create mode 100644 reports/overnight/20260909T235853Z/squarecnn32-seed410101-vs-querytransformer256x2-seed410101-equal_cpu_time-seed1380101-attempt1.log
 create mode 100644 reports/overnight/20260909T235853Z/squarecnn32-seed410101-vs-querytransformer256x2-seed410101-equal_simulations-seed1380101-attempt1.json
 create mode 100644 reports/overnight/20260909T235853Z/squarecnn32-seed410101-vs-querytransformer256x2-seed410101-equal_simulations-seed1380101-attempt1.jsonl
 create mode 100644 reports/overnight/20260909T235853Z/squarecnn32-seed410101-vs-querytransformer256x2-seed410101-equal_simulations-seed1380101-attempt1.log
 create mode 100644 reports/overnight/20260909T235853Z/squarecnn32-seed410102-vs-hexcnn32-seed410102-equal_cpu_time-seed1380102-attempt1.json
 create mode 100644 reports/overnight/20260909T235853Z/squarecnn32-seed410102-vs-hexcnn32-seed410102-equal_cpu_time-seed1380102-attempt1.jsonl
 create mode 100644 reports/overnight/20260909T235853Z/squarecnn32-seed410102-vs-hexcnn32-seed410102-equal_cpu_time-seed1380102-attempt1.log
 create mode 100644 reports/overnight/20260909T235853Z/squarecnn32-seed410102-vs-hexcnn32-seed410102-equal_simulations-seed1380102-attempt1.json
 create mode 100644 reports/overnight/20260909T235853Z/squarecnn32-seed410102-vs-hexcnn32-seed410102-equal_simulations-seed1380102-attempt1.jsonl
 create mode 100644 reports/overnight/20260909T235853Z/squarecnn32-seed410102-vs-hexcnn32-seed410102-equal_simulations-seed1380102-attempt1.log
 create mode 100644 reports/overnight/20260909T235853Z/squarecnn32-seed410102-vs-querytransformer164x5-seed410102-equal_cpu_time-seed1380102-attempt1.json
 create mode 100644 reports/overnight/20260909T235853Z/squarecnn32-seed410102-vs-querytransformer164x5-seed410102-equal_cpu_time-seed1380102-attempt1.jsonl
 create mode 100644 reports/overnight/20260909T235853Z/squarecnn32-seed410102-vs-querytransformer164x5-seed410102-equal_cpu_time-seed1380102-attempt1.log
 create mode 100644 reports/overnight/20260909T235853Z/squarecnn32-seed410102-vs-querytransformer164x5-seed410102-equal_simulations-seed1380102-attempt1.json
 create mode 100644 reports/overnight/20260909T235853Z/squarecnn32-seed410102-vs-querytransformer164x5-seed410102-equal_simulations-seed1380102-attempt1.jsonl
 create mode 100644 reports/overnight/20260909T235853Z/squarecnn32-seed410102-vs-querytransformer164x5-seed410102-equal_simulations-seed1380102-attempt1.log
 create mode 100644 reports/overnight/20260909T235853Z/squarecnn32-seed410102-vs-querytransformer256x2-seed410102-equal_cpu_time-seed1380102-attempt1.json
 create mode 100644 reports/overnight/20260909T235853Z/squarecnn32-seed410102-vs-querytransformer256x2-seed410102-equal_cpu_time-seed1380102-attempt1.jsonl
 create mode 100644 reports/overnight/20260909T235853Z/squarecnn32-seed410102-vs-querytransformer256x2-seed410102-equal_cpu_time-seed1380102-attempt1.log
 create mode 100644 reports/overnight/20260909T235853Z/squarecnn32-seed410102-vs-querytransformer256x2-seed410102-equal_simulations-seed1380102-attempt1.json
 create mode 100644 reports/overnight/20260909T235853Z/squarecnn32-seed410102-vs-querytransformer256x2-seed410102-equal_simulations-seed1380102-attempt1.jsonl
 create mode 100644 reports/overnight/20260909T235853Z/squarecnn32-seed410102-vs-querytransformer256x2-seed410102-equal_simulations-seed1380102-attempt1.log
 create mode 100644 reports/overnight/20260909T235853Z/summary.json
