{"finished": 1, "last": {"game": 0, "candidate_color": 1, "winner": 1, "outcome": "win", "cutoff_reason": null, "ply": 129}, "elapsed": 7.7}
{"finished": 2, "last": {"game": 1, "candidate_color": -1, "winner": -1, "outcome": "win", "cutoff_reason": null, "ply": 120}, "elapsed": 14.9}
{"finished": 3, "last": {"game": 2, "candidate_color": 1, "winner": 1, "outcome": "win", "cutoff_reason": null, "ply": 49}, "elapsed": 17.6}
{"finished": 4, "last": {"game": 3, "candidate_color": -1, "winner": -1, "outcome": "win", "cutoff_reason": null, "ply": 130}, "elapsed": 25.3}
{"finished": 5, "last": {"game": 4, "candidate_color": 1, "winner": 1, "outcome": "win", "cutoff_reason": null, "ply": 51}, "elapsed": 28.1}
{"finished": 6, "last": {"game": 5, "candidate_color": -1, "winner": -1, "outcome": "win", "cutoff_reason": null, "ply": 122}, "elapsed": 35.3}
{"finished": 7, "last": {"game": 6, "candidate_color": 1, "winner": 1, "outcome": "win", "cutoff_reason": null, "ply": 97}, "elapsed": 41.0}
{"finished": 8, "last": {"game": 7, "candidate_color": -1, "winner": -1, "outcome": "win", "cutoff_reason": null, "ply": 62}, "elapsed": 44.4}
{"finished": 9, "last": {"game": 8, "candidate_color": 1, "winner": -1, "outcome": "loss", "cutoff_reason": null, "ply": 100}, "elapsed": 50.3}
{"finished": 10, "last": {"game": 9, "candidate_color": -1, "winner": -1, "outcome": "win", "cutoff_reason": null, "ply": 114}, "elapsed": 57.2}
{"finished": 11, "last": {"game": 10, "candidate_color": 1, "winner": -1, "outcome": "loss", "cutoff_reason": null, "ply": 64}, "elapsed": 60.9}
{"finished": 12, "last": {"game": 11, "candidate_color": -1, "winner": -1, "outcome": "win", "cutoff_reason": null, "ply": 80}, "elapsed": 65.5}
{"finished": 13, "last": {"game": 12, "candidate_color": 1, "winner": -1, "outcome": "loss", "cutoff_reason": null, "ply": 84}, "elapsed": 70.5}
{"finished": 14, "last": {"game": 13, "candidate_color": -1, "winner": 1, "outcome": "loss", "cutoff_reason": null, "ply": 57}, "elapsed": 73.8}
{"finished": 15, "last": {"game": 14, "candidate_color": 1, "winner": 1, "outcome": "win", "cutoff_reason": null, "ply": 65}, "elapsed": 77.4}
{"finished": 16, "last": {"game": 15, "candidate_color": -1, "winner": 1, "outcome": "loss", "cutoff_reason": null, "ply": 47}, "elapsed": 79.9}
{"finished": 17, "last": {"game": 16, "candidate_color": 1, "winner": -1, "outcome": "loss", "cutoff_reason": null, "ply": 62}, "elapsed": 83.4}
{"finished": 18, "last": {"game": 17, "candidate_color": -1, "winner": -1, "outcome": "win", "cutoff_reason": null, "ply": 76}, "elapsed": 87.8}
{"finished": 19, "last": {"game": 18, "candidate_color": 1, "winner": 1, "outcome": "win", "cutoff_reason": null, "ply": 83}, "elapsed": 92.7}
{"finished": 20, "last": {"game": 19, "candidate_color": -1, "winner": -1, "outcome": "win", "cutoff_reason": null, "ply": 86}, "elapsed": 97.7}
{"finished": 21, "last": {"game": 20, "candidate_color": 1, "winner": -1, "outcome": "loss", "cutoff_reason": null, "ply": 68}, "elapsed": 101.7}
{"finished": 22, "last": {"game": 21, "candidate_color": -1, "winner": 1, "outcome": "loss", "cutoff_reason": null, "ply": 57}, "elapsed": 105.0}
{"finished": 23, "last": {"game": 22, "candidate_color": 1, "winner": 1, "outcome": "win", "cutoff_reason": null, "ply": 71}, "elapsed": 109.0}
{"finished": 24, "last": {"game": 23, "candidate_color": -1, "winner": -1, "outcome": "win", "cutoff_reason": null, "ply": 62}, "elapsed": 112.4}
{"finished": 25, "last": {"game": 24, "candidate_color": 1, "winner": -1, "outcome": "loss", "cutoff_reason": null, "ply": 100}, "elapsed": 118.4}
{"finished": 26, "last": {"game": 25, "candidate_color": -1, "winner": -1, "outcome": "win", "cutoff_reason": null, "ply": 56}, "elapsed": 121.4}
{"finished": 27, "last": {"game": 26, "candidate_color": 1, "winner": 1, "outcome": "win", "cutoff_reason": null, "ply": 107}, "elapsed": 127.8}
{"finished": 28, "last": {"game": 27, "candidate_color": -1, "winner": 1, "outcome": "loss", "cutoff_reason": null, "ply": 71}, "elapsed": 131.9}
{"finished": 29, "last": {"game": 28, "candidate_color": 1, "winner": 1, "outcome": "win", "cutoff_reason": null, "ply": 33}, "elapsed": 133.5}
{"finished": 30, "last": {"game": 29, "candidate_color": -1, "winner": -1, "outcome": "win", "cutoff_reason": null, "ply": 126}, "elapsed": 141.0}
{"finished": 31, "last": {"game": 30, "candidate_color": 1, "winner": 1, "outcome": "win", "cutoff_reason": null, "ply": 53}, "elapsed": 143.9}
{"finished": 32, "last": {"game": 31, "candidate_color": -1, "winner": 1, "outcome": "loss", "cutoff_reason": null, "ply": 27}, "elapsed": 145.3}
{"finished": 33, "last": {"game": 32, "candidate_color": 1, "winner": -1, "outcome": "loss", "cutoff_reason": null, "ply": 86}, "elapsed": 150.3}
{"finished": 34, "last": {"game": 33, "candidate_color": -1, "winner": 1, "outcome": "loss", "cutoff_reason": null, "ply": 105}, "elapsed": 156.6}
{"finished": 35, "last": {"game": 34, "candidate_color": 1, "winner": 1, "outcome": "win", "cutoff_reason": null, "ply": 57}, "elapsed": 159.7}
{"finished": 36, "last": {"game": 35, "candidate_color": -1, "winner": -1, "outcome": "win", "cutoff_reason": null, "ply": 154}, "elapsed": 169.1}
{"finished": 37, "last": {"game": 36, "candidate_color": 1, "winner": -1, "outcome": "loss", "cutoff_reason": null, "ply": 90}, "elapsed": 174.4}
{"finished": 38, "last": {"game": 37, "candidate_color": -1, "winner": 1, "outcome": "loss", "cutoff_reason": null, "ply": 53}, "elapsed": 177.4}
{"finished": 39, "last": {"game": 38, "candidate_color": 1, "winner": -1, "outcome": "loss", "cutoff_reason": null, "ply": 56}, "elapsed": 180.6}
{"finished": 40, "last": {"game": 39, "candidate_color": -1, "winner": 1, "outcome": "loss", "cutoff_reason": null, "ply": 39}, "elapsed": 182.8}
{"finished": 41, "last": {"game": 40, "candidate_color": 1, "winner": -1, "outcome": "loss", "cutoff_reason": null, "ply": 32}, "elapsed": 184.5}
{"finished": 42, "last": {"game": 41, "candidate_color": -1, "winner": 1, "outcome": "loss", "cutoff_reason": null, "ply": 33}, "elapsed": 186.2}
{"finished": 43, "last": {"game": 42, "candidate_color": 1, "winner": 1, "outcome": "win", "cutoff_reason": null, "ply": 83}, "elapsed": 191.0}
{"finished": 44, "last": {"game": 43, "candidate_color": -1, "winner": -1, "outcome": "win", "cutoff_reason": null, "ply": 108}, "elapsed": 197.4}
{"finished": 45, "last": {"game": 44, "candidate_color": 1, "winner": -1, "outcome": "loss", "cutoff_reason": null, "ply": 36}, "elapsed": 199.3}
{"finished": 46, "last": {"game": 45, "candidate_color": -1, "winner": 1, "outcome": "loss", "cutoff_reason": null, "ply": 37}, "elapsed": 201.3}
{"finished": 47, "last": {"game": 46, "candidate_color": 1, "winner": 1, "outcome": "win", "cutoff_reason": null, "ply": 85}, "elapsed": 206.3}
{"finished": 48, "last": {"game": 47, "candidate_color": -1, "winner": -1, "outcome": "win", "cutoff_reason": null, "ply": 90}, "elapsed": 211.7}
{"finished": 49, "last": {"game": 48, "candidate_color": 1, "winner": -1, "outcome": "loss", "cutoff_reason": null, "ply": 44}, "elapsed": 214.2}
{"finished": 50, "last": {"game": 49, "candidate_color": -1, "winner": -1, "outcome": "win", "cutoff_reason": null, "ply": 94}, "elapsed": 219.7}
{"finished": 51, "last": {"game": 50, "candidate_color": 1, "winner": -1, "outcome": "loss", "cutoff_reason": null, "ply": 88}, "elapsed": 224.9}
{"finished": 52, "last": {"game": 51, "candidate_color": -1, "winner": 1, "outcome": "loss", "cutoff_reason": null, "ply": 65}, "elapsed": 228.6}
{"finished": 53, "last": {"game": 52, "candidate_color": 1, "winner": -1, "outcome": "loss", "cutoff_reason": null, "ply": 46}, "elapsed": 231.2}
{"finished": 54, "last": {"game": 53, "candidate_color": -1, "winner": -1, "outcome": "win", "cutoff_reason": null, "ply": 70}, "elapsed": 235.3}
{"finished": 55, "last": {"game": 54, "candidate_color": 1, "winner": 1, "outcome": "win", "cutoff_reason": null, "ply": 103}, "elapsed": 241.3}
{"finished": 56, "last": {"game": 55, "candidate_color": -1, "winner": 1, "outcome": "loss", "cutoff_reason": null, "ply": 23}, "elapsed": 242.5}
{"finished": 57, "last": {"game": 56, "candidate_color": 1, "winner": 1, "outcome": "win", "cutoff_reason": null, "ply": 49}, "elapsed": 245.1}
{"finished": 58, "last": {"game": 57, "candidate_color": -1, "winner": 1, "outcome": "loss", "cutoff_reason": null, "ply": 47}, "elapsed": 247.7}
{"finished": 59, "last": {"game": 58, "candidate_color": 1, "winner": -1, "outcome": "loss", "cutoff_reason": null, "ply": 60}, "elapsed": 251.2}
{"finished": 60, "last": {"game": 59, "candidate_color": -1, "winner": -1, "outcome": "win", "cutoff_reason": null, "ply": 72}, "elapsed": 255.2}
{"finished": 61, "last": {"game": 60, "candidate_color": 1, "winner": -1, "outcome": "loss", "cutoff_reason": null, "ply": 28}, "elapsed": 256.7}
{"finished": 62, "last": {"game": 61, "candidate_color": -1, "winner": 1, "outcome": "loss", "cutoff_reason": null, "ply": 43}, "elapsed": 259.0}
{"finished": 63, "last": {"game": 62, "candidate_color": 1, "winner": -1, "outcome": "loss", "cutoff_reason": null, "ply": 26}, "elapsed": 260.3}
{"finished": 64, "last": {"game": 63, "candidate_color": -1, "winner": -1, "outcome": "win", "cutoff_reason": null, "ply": 40}, "elapsed": 262.3}
{"finished": 65, "last": {"game": 64, "candidate_color": 1, "winner": 1, "outcome": "win", "cutoff_reason": null, "ply": 129}, "elapsed": 270.0}
{"finished": 66, "last": {"game": 65, "candidate_color": -1, "winner": -1, "outcome": "win", "cutoff_reason": null, "ply": 112}, "elapsed": 276.6}
{"finished": 67, "last": {"game": 66, "candidate_color": 1, "winner": -1, "outcome": "loss", "cutoff_reason": null, "ply": 46}, "elapsed": 279.1}
{"finished": 68, "last": {"game": 67, "candidate_color": -1, "winner": 1, "outcome": "loss", "cutoff_reason": null, "ply": 53}, "elapsed": 282.1}
{"finished": 69, "last": {"game": 68, "candidate_color": 1, "winner": 1, "outcome": "win", "cutoff_reason": null, "ply": 109}, "elapsed": 288.5}
{"finished": 70, "last": {"game": 69, "candidate_color": -1, "winner": 1, "outcome": "loss", "cutoff_reason": null, "ply": 49}, "elapsed": 291.2}
{"finished": 71, "last": {"game": 70, "candidate_color": 1, "winner": 1, "outcome": "win", "cutoff_reason": null, "ply": 77}, "elapsed": 295.6}
{"finished": 72, "last": {"game": 71, "candidate_color": -1, "winner": 1, "outcome": "loss", "cutoff_reason": null, "ply": 125}, "elapsed": 303.2}
{"finished": 73, "last": {"game": 72, "candidate_color": 1, "winner": 1, "outcome": "win", "cutoff_reason": null, "ply": 71}, "elapsed": 307.3}
{"finished": 74, "last": {"game": 73, "candidate_color": -1, "winner": 1, "outcome": "loss", "cutoff_reason": null, "ply": 27}, "elapsed": 308.6}
{"finished": 75, "last": {"game": 74, "candidate_color": 1, "winner": -1, "outcome": "loss", "cutoff_reason": null, "ply": 66}, "elapsed": 312.5}
{"finished": 76, "last": {"game": 75, "candidate_color": -1, "winner": 1, "outcome": "loss", "cutoff_reason": null, "ply": 57}, "elapsed": 315.8}
{"finished": 77, "last": {"game": 76, "candidate_color": 1, "winner": 1, "outcome": "win", "cutoff_reason": null, "ply": 71}, "elapsed": 319.8}
{"finished": 78, "last": {"game": 77, "candidate_color": -1, "winner": -1, "outcome": "win", "cutoff_reason": null, "ply": 64}, "elapsed": 323.4}
{"finished": 79, "last": {"game": 78, "candidate_color": 1, "winner": 1, "outcome": "win", "cutoff_reason": null, "ply": 129}, "elapsed": 331.1}
{"finished": 80, "last": {"game": 79, "candidate_color": -1, "winner": -1, "outcome": "win", "cutoff_reason": null, "ply": 104}, "elapsed": 337.2}
{"candidate": "/workspace/gipf/runs/overnight/20260909T235853Z/squarecnn32-seed410101/latest.pt", "champion": "/workspace/gipf/runs/overnight/20260909T235853Z/hexcnn32-seed410102/latest.pt", "hashes": ["e2a8946b1405174aaa0b0d08e8d88e10078f40e90aac72596631d1bd6757cbd1", "c7d5bd9e9ee03104059833d76fa22e3aad2919e2f321302454d0b1750d8ce62d"], "models": [{"games": 6214, "iteration": 192, "config": {"kind": "resnet", "width": 32, "blocks": 2, "head": "flat"}}, {"games": 6813, "iteration": 209, "config": {"kind": "hexresnet", "width": 32, "blocks": 2, "head": "flat"}}], "wins": 42, "losses": 38, "cutoffs": 0, "unfinished": 0, "win_rate_decisive": 0.525, "wilson_95_decisive": [0.41695642649729947, 0.6307526670259244], "candidate_root_simulations": {"count": 3382, "mean": 234.5408042578356, "min": 4, "max": 10000}, "champion_root_simulations": {"count": 3326, "mean": 271.61996392062537, "min": 37, "max": 10000}, "candidate_search_seconds": {"count": 3382, "mean": 0.05015051359281006, "min": 0.026926055550575256, "max": 0.09654531255364418}, "champion_search_seconds": {"count": 3326, "mean": 0.0502294227581693, "min": 0.026342011988162994, "max": 0.10072683170437813}, "elapsed_seconds": 337.1946141421795}
