{"finished": 1, "last": {"game": 0, "candidate_color": 1, "winner": 1, "outcome": "win", "cutoff_reason": null, "ply": 155}, "elapsed": 9.3}
{"finished": 2, "last": {"game": 1, "candidate_color": -1, "winner": -1, "outcome": "win", "cutoff_reason": null, "ply": 52}, "elapsed": 12.2}
{"finished": 3, "last": {"game": 2, "candidate_color": 1, "winner": -1, "outcome": "loss", "cutoff_reason": null, "ply": 96}, "elapsed": 18.0}
{"finished": 4, "last": {"game": 3, "candidate_color": -1, "winner": -1, "outcome": "win", "cutoff_reason": null, "ply": 116}, "elapsed": 24.9}
{"finished": 5, "last": {"game": 4, "candidate_color": 1, "winner": -1, "outcome": "loss", "cutoff_reason": null, "ply": 102}, "elapsed": 30.8}
{"finished": 6, "last": {"game": 5, "candidate_color": -1, "winner": -1, "outcome": "win", "cutoff_reason": null, "ply": 62}, "elapsed": 34.3}
{"finished": 7, "last": {"game": 6, "candidate_color": 1, "winner": 1, "outcome": "win", "cutoff_reason": null, "ply": 79}, "elapsed": 38.9}
{"finished": 8, "last": {"game": 7, "candidate_color": -1, "winner": -1, "outcome": "win", "cutoff_reason": null, "ply": 76}, "elapsed": 43.3}
{"finished": 9, "last": {"game": 8, "candidate_color": 1, "winner": 1, "outcome": "win", "cutoff_reason": null, "ply": 45}, "elapsed": 45.7}
{"finished": 10, "last": {"game": 9, "candidate_color": -1, "winner": -1, "outcome": "win", "cutoff_reason": null, "ply": 56}, "elapsed": 48.7}
{"finished": 11, "last": {"game": 10, "candidate_color": 1, "winner": 1, "outcome": "win", "cutoff_reason": null, "ply": 89}, "elapsed": 53.9}
{"finished": 12, "last": {"game": 11, "candidate_color": -1, "winner": 1, "outcome": "loss", "cutoff_reason": null, "ply": 49}, "elapsed": 56.6}
{"finished": 13, "last": {"game": 12, "candidate_color": 1, "winner": 1, "outcome": "win", "cutoff_reason": null, "ply": 47}, "elapsed": 59.2}
{"finished": 14, "last": {"game": 13, "candidate_color": -1, "winner": 1, "outcome": "loss", "cutoff_reason": null, "ply": 55}, "elapsed": 62.3}
{"finished": 15, "last": {"game": 14, "candidate_color": 1, "winner": -1, "outcome": "loss", "cutoff_reason": null, "ply": 32}, "elapsed": 63.9}
{"finished": 16, "last": {"game": 15, "candidate_color": -1, "winner": 1, "outcome": "loss", "cutoff_reason": null, "ply": 33}, "elapsed": 65.7}
{"finished": 17, "last": {"game": 16, "candidate_color": 1, "winner": 1, "outcome": "win", "cutoff_reason": null, "ply": 65}, "elapsed": 69.3}
{"finished": 18, "last": {"game": 17, "candidate_color": -1, "winner": 1, "outcome": "loss", "cutoff_reason": null, "ply": 65}, "elapsed": 73.0}
{"finished": 19, "last": {"game": 18, "candidate_color": 1, "winner": 1, "outcome": "win", "cutoff_reason": null, "ply": 55}, "elapsed": 76.0}
{"finished": 20, "last": {"game": 19, "candidate_color": -1, "winner": -1, "outcome": "win", "cutoff_reason": null, "ply": 58}, "elapsed": 79.2}
{"finished": 21, "last": {"game": 20, "candidate_color": 1, "winner": 1, "outcome": "win", "cutoff_reason": null, "ply": 53}, "elapsed": 82.1}
{"finished": 22, "last": {"game": 21, "candidate_color": -1, "winner": 1, "outcome": "loss", "cutoff_reason": null, "ply": 87}, "elapsed": 87.1}
{"finished": 23, "last": {"game": 22, "candidate_color": 1, "winner": -1, "outcome": "loss", "cutoff_reason": null, "ply": 100}, "elapsed": 93.2}
{"finished": 24, "last": {"game": 23, "candidate_color": -1, "winner": 1, "outcome": "loss", "cutoff_reason": null, "ply": 83}, "elapsed": 98.0}
{"finished": 25, "last": {"game": 24, "candidate_color": 1, "winner": 1, "outcome": "win", "cutoff_reason": null, "ply": 71}, "elapsed": 102.1}
{"finished": 26, "last": {"game": 25, "candidate_color": -1, "winner": 1, "outcome": "loss", "cutoff_reason": null, "ply": 63}, "elapsed": 105.6}
{"finished": 27, "last": {"game": 26, "candidate_color": 1, "winner": -1, "outcome": "loss", "cutoff_reason": null, "ply": 38}, "elapsed": 107.6}
{"finished": 28, "last": {"game": 27, "candidate_color": -1, "winner": -1, "outcome": "win", "cutoff_reason": null, "ply": 98}, "elapsed": 113.4}
{"finished": 29, "last": {"game": 28, "candidate_color": 1, "winner": 1, "outcome": "win", "cutoff_reason": null, "ply": 97}, "elapsed": 119.1}
{"finished": 30, "last": {"game": 29, "candidate_color": -1, "winner": -1, "outcome": "win", "cutoff_reason": null, "ply": 112}, "elapsed": 125.7}
{"finished": 31, "last": {"game": 30, "candidate_color": 1, "winner": 1, "outcome": "win", "cutoff_reason": null, "ply": 47}, "elapsed": 128.2}
{"finished": 32, "last": {"game": 31, "candidate_color": -1, "winner": 1, "outcome": "loss", "cutoff_reason": null, "ply": 89}, "elapsed": 133.3}
{"finished": 33, "last": {"game": 32, "candidate_color": 1, "winner": 1, "outcome": "win", "cutoff_reason": null, "ply": 101}, "elapsed": 139.2}
{"finished": 34, "last": {"game": 33, "candidate_color": -1, "winner": 1, "outcome": "loss", "cutoff_reason": null, "ply": 47}, "elapsed": 141.7}
{"finished": 35, "last": {"game": 34, "candidate_color": 1, "winner": -1, "outcome": "loss", "cutoff_reason": null, "ply": 88}, "elapsed": 146.9}
{"finished": 36, "last": {"game": 35, "candidate_color": -1, "winner": -1, "outcome": "win", "cutoff_reason": null, "ply": 32}, "elapsed": 148.5}
{"finished": 37, "last": {"game": 36, "candidate_color": 1, "winner": -1, "outcome": "loss", "cutoff_reason": null, "ply": 82}, "elapsed": 153.3}
{"finished": 38, "last": {"game": 37, "candidate_color": -1, "winner": 1, "outcome": "loss", "cutoff_reason": null, "ply": 43}, "elapsed": 155.7}
{"finished": 39, "last": {"game": 38, "candidate_color": 1, "winner": -1, "outcome": "loss", "cutoff_reason": null, "ply": 72}, "elapsed": 159.7}
{"finished": 40, "last": {"game": 39, "candidate_color": -1, "winner": -1, "outcome": "win", "cutoff_reason": null, "ply": 102}, "elapsed": 165.5}
{"finished": 41, "last": {"game": 40, "candidate_color": 1, "winner": -1, "outcome": "loss", "cutoff_reason": null, "ply": 78}, "elapsed": 170.0}
{"finished": 42, "last": {"game": 41, "candidate_color": -1, "winner": -1, "outcome": "win", "cutoff_reason": null, "ply": 106}, "elapsed": 176.2}
{"finished": 43, "last": {"game": 42, "candidate_color": 1, "winner": 1, "outcome": "win", "cutoff_reason": null, "ply": 67}, "elapsed": 179.9}
{"finished": 44, "last": {"game": 43, "candidate_color": -1, "winner": -1, "outcome": "win", "cutoff_reason": null, "ply": 78}, "elapsed": 184.4}
{"finished": 45, "last": {"game": 44, "candidate_color": 1, "winner": -1, "outcome": "loss", "cutoff_reason": null, "ply": 114}, "elapsed": 191.3}
{"finished": 46, "last": {"game": 45, "candidate_color": -1, "winner": -1, "outcome": "win", "cutoff_reason": null, "ply": 94}, "elapsed": 196.7}
{"finished": 47, "last": {"game": 46, "candidate_color": 1, "winner": 1, "outcome": "win", "cutoff_reason": null, "ply": 55}, "elapsed": 199.8}
{"finished": 48, "last": {"game": 47, "candidate_color": -1, "winner": -1, "outcome": "win", "cutoff_reason": null, "ply": 56}, "elapsed": 202.8}
{"finished": 49, "last": {"game": 48, "candidate_color": 1, "winner": 1, "outcome": "win", "cutoff_reason": null, "ply": 65}, "elapsed": 206.6}
{"finished": 50, "last": {"game": 49, "candidate_color": -1, "winner": -1, "outcome": "win", "cutoff_reason": null, "ply": 60}, "elapsed": 209.9}
{"finished": 51, "last": {"game": 50, "candidate_color": 1, "winner": 1, "outcome": "win", "cutoff_reason": null, "ply": 45}, "elapsed": 212.3}
{"finished": 52, "last": {"game": 51, "candidate_color": -1, "winner": 1, "outcome": "loss", "cutoff_reason": null, "ply": 25}, "elapsed": 213.6}
{"finished": 53, "last": {"game": 52, "candidate_color": 1, "winner": 1, "outcome": "win", "cutoff_reason": null, "ply": 111}, "elapsed": 220.2}
{"finished": 54, "last": {"game": 53, "candidate_color": -1, "winner": -1, "outcome": "win", "cutoff_reason": null, "ply": 72}, "elapsed": 224.3}
{"finished": 55, "last": {"game": 54, "candidate_color": 1, "winner": -1, "outcome": "loss", "cutoff_reason": null, "ply": 42}, "elapsed": 226.6}
{"finished": 56, "last": {"game": 55, "candidate_color": -1, "winner": 1, "outcome": "loss", "cutoff_reason": null, "ply": 65}, "elapsed": 230.2}
{"finished": 57, "last": {"game": 56, "candidate_color": 1, "winner": 1, "outcome": "win", "cutoff_reason": null, "ply": 113}, "elapsed": 237.0}
{"finished": 58, "last": {"game": 57, "candidate_color": -1, "winner": -1, "outcome": "win", "cutoff_reason": null, "ply": 60}, "elapsed": 240.4}
{"finished": 59, "last": {"game": 58, "candidate_color": 1, "winner": 1, "outcome": "win", "cutoff_reason": null, "ply": 51}, "elapsed": 243.3}
{"finished": 60, "last": {"game": 59, "candidate_color": -1, "winner": -1, "outcome": "win", "cutoff_reason": null, "ply": 92}, "elapsed": 248.7}
{"finished": 61, "last": {"game": 60, "candidate_color": 1, "winner": 1, "outcome": "win", "cutoff_reason": null, "ply": 57}, "elapsed": 252.0}
{"finished": 62, "last": {"game": 61, "candidate_color": -1, "winner": 1, "outcome": "loss", "cutoff_reason": null, "ply": 51}, "elapsed": 254.8}
{"finished": 63, "last": {"game": 62, "candidate_color": 1, "winner": 1, "outcome": "win", "cutoff_reason": null, "ply": 39}, "elapsed": 256.9}
{"finished": 64, "last": {"game": 63, "candidate_color": -1, "winner": -1, "outcome": "win", "cutoff_reason": null, "ply": 46}, "elapsed": 259.4}
{"finished": 65, "last": {"game": 64, "candidate_color": 1, "winner": 1, "outcome": "win", "cutoff_reason": null, "ply": 117}, "elapsed": 266.3}
{"finished": 66, "last": {"game": 65, "candidate_color": -1, "winner": -1, "outcome": "win", "cutoff_reason": null, "ply": 86}, "elapsed": 271.3}
{"finished": 67, "last": {"game": 66, "candidate_color": 1, "winner": -1, "outcome": "loss", "cutoff_reason": null, "ply": 68}, "elapsed": 275.2}
{"finished": 68, "last": {"game": 67, "candidate_color": -1, "winner": -1, "outcome": "win", "cutoff_reason": null, "ply": 94}, "elapsed": 280.7}
{"finished": 69, "last": {"game": 68, "candidate_color": 1, "winner": 1, "outcome": "win", "cutoff_reason": null, "ply": 91}, "elapsed": 285.9}
{"finished": 70, "last": {"game": 69, "candidate_color": -1, "winner": 1, "outcome": "loss", "cutoff_reason": null, "ply": 65}, "elapsed": 289.5}
{"finished": 71, "last": {"game": 70, "candidate_color": 1, "winner": -1, "outcome": "loss", "cutoff_reason": null, "ply": 62}, "elapsed": 293.1}
{"finished": 72, "last": {"game": 71, "candidate_color": -1, "winner": -1, "outcome": "win", "cutoff_reason": null, "ply": 86}, "elapsed": 298.1}
{"finished": 73, "last": {"game": 72, "candidate_color": 1, "winner": 1, "outcome": "win", "cutoff_reason": null, "ply": 81}, "elapsed": 302.7}
{"finished": 74, "last": {"game": 73, "candidate_color": -1, "winner": -1, "outcome": "win", "cutoff_reason": null, "ply": 64}, "elapsed": 306.4}
{"finished": 75, "last": {"game": 74, "candidate_color": 1, "winner": -1, "outcome": "loss", "cutoff_reason": null, "ply": 64}, "elapsed": 310.0}
{"finished": 76, "last": {"game": 75, "candidate_color": -1, "winner": -1, "outcome": "win", "cutoff_reason": null, "ply": 58}, "elapsed": 313.1}
{"finished": 77, "last": {"game": 76, "candidate_color": 1, "winner": 1, "outcome": "win", "cutoff_reason": null, "ply": 107}, "elapsed": 319.4}
{"finished": 78, "last": {"game": 77, "candidate_color": -1, "winner": -1, "outcome": "win", "cutoff_reason": null, "ply": 64}, "elapsed": 323.1}
{"finished": 79, "last": {"game": 78, "candidate_color": 1, "winner": 1, "outcome": "win", "cutoff_reason": null, "ply": 95}, "elapsed": 328.7}
{"finished": 80, "last": {"game": 79, "candidate_color": -1, "winner": 1, "outcome": "loss", "cutoff_reason": null, "ply": 63}, "elapsed": 332.3}
{"candidate": "/workspace/gipf/checkpoints/final/20260909T191906Z/final-aa533bb89222.pt", "champion": "/workspace/gipf/checkpoints/final/20260909T191906Z/champion-before-final-a9b830a90847.pt", "hashes": ["aa533bb8922231a3e0dc53dd2ff947cab6899ef09a9245463c89ac99ea776ef0", "a9b830a908478ef0e2264c5295f341bf8086465bdaaaef2d58927c968d239f66"], "models": [{"games": 43869, "iteration": 727, "config": {"kind": "resnet", "width": 32, "blocks": 2, "head": "flat"}}, {"games": 67076, "iteration": 1075, "config": {"kind": "mlp", "width": 256, "blocks": 2, "head": "flat"}}], "wins": 51, "losses": 29, "cutoffs": 0, "unfinished": 0, "win_rate_decisive": 0.6375, "wilson_95_decisive": [0.5281079450222217, 0.7342920693555084], "candidate_root_simulations": {"count": 3336, "mean": 305.0206834532374, "min": 43, "max": 10000}, "champion_root_simulations": {"count": 3286, "mean": 464.67802799756544, "min": 63, "max": 10000}, "candidate_search_seconds": {"count": 3336, "mean": 0.050118696435892895, "min": 0.02503582090139389, "max": 0.0668325200676918}, "champion_search_seconds": {"count": 3286, "mean": 0.05003397273068666, "min": 0.025334764271974564, "max": 0.074346374720335}, "elapsed_seconds": 332.3513712324202}
