{"finished": 1, "last": {"game": 0, "candidate_color": 1, "winner": -1, "outcome": "loss", "cutoff_reason": null, "ply": 110}, "elapsed": 6.6}
{"finished": 2, "last": {"game": 1, "candidate_color": -1, "winner": 1, "outcome": "loss", "cutoff_reason": null, "ply": 97}, "elapsed": 12.3}
{"finished": 3, "last": {"game": 2, "candidate_color": 1, "winner": 1, "outcome": "win", "cutoff_reason": null, "ply": 83}, "elapsed": 17.0}
{"finished": 4, "last": {"game": 3, "candidate_color": -1, "winner": -1, "outcome": "win", "cutoff_reason": null, "ply": 54}, "elapsed": 20.0}
{"finished": 5, "last": {"game": 4, "candidate_color": 1, "winner": -1, "outcome": "loss", "cutoff_reason": null, "ply": 78}, "elapsed": 24.4}
{"finished": 6, "last": {"game": 5, "candidate_color": -1, "winner": 1, "outcome": "loss", "cutoff_reason": null, "ply": 73}, "elapsed": 28.5}
{"finished": 7, "last": {"game": 6, "candidate_color": 1, "winner": -1, "outcome": "loss", "cutoff_reason": null, "ply": 122}, "elapsed": 35.6}
{"finished": 8, "last": {"game": 7, "candidate_color": -1, "winner": 1, "outcome": "loss", "cutoff_reason": null, "ply": 85}, "elapsed": 40.5}
{"finished": 9, "last": {"game": 8, "candidate_color": 1, "winner": -1, "outcome": "loss", "cutoff_reason": null, "ply": 58}, "elapsed": 43.7}
{"finished": 10, "last": {"game": 9, "candidate_color": -1, "winner": 1, "outcome": "loss", "cutoff_reason": null, "ply": 99}, "elapsed": 49.5}
{"finished": 11, "last": {"game": 10, "candidate_color": 1, "winner": 1, "outcome": "win", "cutoff_reason": null, "ply": 111}, "elapsed": 56.0}
{"finished": 12, "last": {"game": 11, "candidate_color": -1, "winner": -1, "outcome": "win", "cutoff_reason": null, "ply": 100}, "elapsed": 61.9}
{"finished": 13, "last": {"game": 12, "candidate_color": 1, "winner": -1, "outcome": "loss", "cutoff_reason": null, "ply": 40}, "elapsed": 64.0}
{"finished": 14, "last": {"game": 13, "candidate_color": -1, "winner": -1, "outcome": "win", "cutoff_reason": null, "ply": 98}, "elapsed": 69.7}
{"finished": 15, "last": {"game": 14, "candidate_color": 1, "winner": -1, "outcome": "loss", "cutoff_reason": null, "ply": 56}, "elapsed": 72.9}
{"finished": 16, "last": {"game": 15, "candidate_color": -1, "winner": -1, "outcome": "win", "cutoff_reason": null, "ply": 62}, "elapsed": 76.4}
{"finished": 17, "last": {"game": 16, "candidate_color": 1, "winner": -1, "outcome": "loss", "cutoff_reason": null, "ply": 80}, "elapsed": 81.0}
{"finished": 18, "last": {"game": 17, "candidate_color": -1, "winner": -1, "outcome": "win", "cutoff_reason": null, "ply": 110}, "elapsed": 87.4}
{"finished": 19, "last": {"game": 18, "candidate_color": 1, "winner": 1, "outcome": "win", "cutoff_reason": null, "ply": 59}, "elapsed": 90.7}
{"finished": 20, "last": {"game": 19, "candidate_color": -1, "winner": 1, "outcome": "loss", "cutoff_reason": null, "ply": 77}, "elapsed": 95.2}
{"finished": 21, "last": {"game": 20, "candidate_color": 1, "winner": -1, "outcome": "loss", "cutoff_reason": null, "ply": 106}, "elapsed": 101.5}
{"finished": 22, "last": {"game": 21, "candidate_color": -1, "winner": 1, "outcome": "loss", "cutoff_reason": null, "ply": 105}, "elapsed": 107.6}
{"finished": 23, "last": {"game": 22, "candidate_color": 1, "winner": 1, "outcome": "win", "cutoff_reason": null, "ply": 55}, "elapsed": 110.6}
{"finished": 24, "last": {"game": 23, "candidate_color": -1, "winner": -1, "outcome": "win", "cutoff_reason": null, "ply": 82}, "elapsed": 115.2}
{"finished": 25, "last": {"game": 24, "candidate_color": 1, "winner": 1, "outcome": "win", "cutoff_reason": null, "ply": 71}, "elapsed": 119.3}
{"finished": 26, "last": {"game": 25, "candidate_color": -1, "winner": 1, "outcome": "loss", "cutoff_reason": null, "ply": 81}, "elapsed": 123.9}
{"finished": 27, "last": {"game": 26, "candidate_color": 1, "winner": 1, "outcome": "win", "cutoff_reason": null, "ply": 39}, "elapsed": 126.0}
{"finished": 28, "last": {"game": 27, "candidate_color": -1, "winner": 1, "outcome": "loss", "cutoff_reason": null, "ply": 61}, "elapsed": 129.5}
{"finished": 29, "last": {"game": 28, "candidate_color": 1, "winner": -1, "outcome": "loss", "cutoff_reason": null, "ply": 110}, "elapsed": 136.0}
{"finished": 30, "last": {"game": 29, "candidate_color": -1, "winner": 1, "outcome": "loss", "cutoff_reason": null, "ply": 57}, "elapsed": 139.2}
{"finished": 31, "last": {"game": 30, "candidate_color": 1, "winner": 1, "outcome": "win", "cutoff_reason": null, "ply": 87}, "elapsed": 144.4}
{"finished": 32, "last": {"game": 31, "candidate_color": -1, "winner": 1, "outcome": "loss", "cutoff_reason": null, "ply": 101}, "elapsed": 150.2}
{"finished": 33, "last": {"game": 32, "candidate_color": 1, "winner": -1, "outcome": "loss", "cutoff_reason": null, "ply": 78}, "elapsed": 154.6}
{"finished": 34, "last": {"game": 33, "candidate_color": -1, "winner": -1, "outcome": "win", "cutoff_reason": null, "ply": 36}, "elapsed": 156.6}
{"finished": 35, "last": {"game": 34, "candidate_color": 1, "winner": 1, "outcome": "win", "cutoff_reason": null, "ply": 29}, "elapsed": 158.1}
{"finished": 36, "last": {"game": 35, "candidate_color": -1, "winner": -1, "outcome": "win", "cutoff_reason": null, "ply": 40}, "elapsed": 160.2}
{"finished": 37, "last": {"game": 36, "candidate_color": 1, "winner": 1, "outcome": "win", "cutoff_reason": null, "ply": 29}, "elapsed": 161.7}
{"finished": 38, "last": {"game": 37, "candidate_color": -1, "winner": -1, "outcome": "win", "cutoff_reason": null, "ply": 50}, "elapsed": 164.5}
{"finished": 39, "last": {"game": 38, "candidate_color": 1, "winner": -1, "outcome": "loss", "cutoff_reason": null, "ply": 74}, "elapsed": 168.8}
{"finished": 40, "last": {"game": 39, "candidate_color": -1, "winner": 1, "outcome": "loss", "cutoff_reason": null, "ply": 59}, "elapsed": 172.1}
{"finished": 41, "last": {"game": 40, "candidate_color": 1, "winner": 1, "outcome": "win", "cutoff_reason": null, "ply": 113}, "elapsed": 178.8}
{"finished": 42, "last": {"game": 41, "candidate_color": -1, "winner": 1, "outcome": "loss", "cutoff_reason": null, "ply": 75}, "elapsed": 183.1}
{"finished": 43, "last": {"game": 42, "candidate_color": 1, "winner": 1, "outcome": "win", "cutoff_reason": null, "ply": 49}, "elapsed": 185.9}
{"finished": 44, "last": {"game": 43, "candidate_color": -1, "winner": -1, "outcome": "win", "cutoff_reason": null, "ply": 110}, "elapsed": 192.4}
{"finished": 45, "last": {"game": 44, "candidate_color": 1, "winner": -1, "outcome": "loss", "cutoff_reason": null, "ply": 90}, "elapsed": 197.6}
{"finished": 46, "last": {"game": 45, "candidate_color": -1, "winner": 1, "outcome": "loss", "cutoff_reason": null, "ply": 131}, "elapsed": 205.3}
{"finished": 47, "last": {"game": 46, "candidate_color": 1, "winner": 1, "outcome": "win", "cutoff_reason": null, "ply": 95}, "elapsed": 210.9}
{"finished": 48, "last": {"game": 47, "candidate_color": -1, "winner": 1, "outcome": "loss", "cutoff_reason": null, "ply": 61}, "elapsed": 214.4}
{"finished": 49, "last": {"game": 48, "candidate_color": 1, "winner": 1, "outcome": "win", "cutoff_reason": null, "ply": 23}, "elapsed": 215.5}
{"finished": 50, "last": {"game": 49, "candidate_color": -1, "winner": -1, "outcome": "win", "cutoff_reason": null, "ply": 124}, "elapsed": 222.9}
{"finished": 51, "last": {"game": 50, "candidate_color": 1, "winner": 1, "outcome": "win", "cutoff_reason": null, "ply": 85}, "elapsed": 227.9}
{"finished": 52, "last": {"game": 51, "candidate_color": -1, "winner": 1, "outcome": "loss", "cutoff_reason": null, "ply": 83}, "elapsed": 232.7}
{"finished": 53, "last": {"game": 52, "candidate_color": 1, "winner": 1, "outcome": "win", "cutoff_reason": null, "ply": 83}, "elapsed": 237.4}
{"finished": 54, "last": {"game": 53, "candidate_color": -1, "winner": -1, "outcome": "win", "cutoff_reason": null, "ply": 26}, "elapsed": 238.8}
{"finished": 55, "last": {"game": 54, "candidate_color": 1, "winner": -1, "outcome": "loss", "cutoff_reason": null, "ply": 80}, "elapsed": 243.5}
{"finished": 56, "last": {"game": 55, "candidate_color": -1, "winner": 1, "outcome": "loss", "cutoff_reason": null, "ply": 49}, "elapsed": 246.2}
{"finished": 57, "last": {"game": 56, "candidate_color": 1, "winner": -1, "outcome": "loss", "cutoff_reason": null, "ply": 46}, "elapsed": 248.6}
{"finished": 58, "last": {"game": 57, "candidate_color": -1, "winner": 1, "outcome": "loss", "cutoff_reason": null, "ply": 77}, "elapsed": 253.0}
{"finished": 59, "last": {"game": 58, "candidate_color": 1, "winner": 1, "outcome": "win", "cutoff_reason": null, "ply": 77}, "elapsed": 257.4}
{"finished": 60, "last": {"game": 59, "candidate_color": -1, "winner": 1, "outcome": "loss", "cutoff_reason": null, "ply": 73}, "elapsed": 261.6}
{"finished": 61, "last": {"game": 60, "candidate_color": 1, "winner": 1, "outcome": "win", "cutoff_reason": null, "ply": 141}, "elapsed": 270.1}
{"finished": 62, "last": {"game": 61, "candidate_color": -1, "winner": -1, "outcome": "win", "cutoff_reason": null, "ply": 42}, "elapsed": 272.3}
{"finished": 63, "last": {"game": 62, "candidate_color": 1, "winner": 1, "outcome": "win", "cutoff_reason": null, "ply": 137}, "elapsed": 280.5}
{"finished": 64, "last": {"game": 63, "candidate_color": -1, "winner": 1, "outcome": "loss", "cutoff_reason": null, "ply": 109}, "elapsed": 286.9}
{"finished": 65, "last": {"game": 64, "candidate_color": 1, "winner": -1, "outcome": "loss", "cutoff_reason": null, "ply": 68}, "elapsed": 290.8}
{"finished": 66, "last": {"game": 65, "candidate_color": -1, "winner": 1, "outcome": "loss", "cutoff_reason": null, "ply": 89}, "elapsed": 296.1}
{"finished": 67, "last": {"game": 66, "candidate_color": 1, "winner": -1, "outcome": "loss", "cutoff_reason": null, "ply": 82}, "elapsed": 300.8}
{"finished": 68, "last": {"game": 67, "candidate_color": -1, "winner": 1, "outcome": "loss", "cutoff_reason": null, "ply": 71}, "elapsed": 304.8}
{"finished": 69, "last": {"game": 68, "candidate_color": 1, "winner": -1, "outcome": "loss", "cutoff_reason": null, "ply": 58}, "elapsed": 308.1}
{"finished": 70, "last": {"game": 69, "candidate_color": -1, "winner": -1, "outcome": "win", "cutoff_reason": null, "ply": 64}, "elapsed": 311.8}
{"finished": 71, "last": {"game": 70, "candidate_color": 1, "winner": 1, "outcome": "win", "cutoff_reason": null, "ply": 47}, "elapsed": 314.3}
{"finished": 72, "last": {"game": 71, "candidate_color": -1, "winner": 1, "outcome": "loss", "cutoff_reason": null, "ply": 97}, "elapsed": 320.1}
{"finished": 73, "last": {"game": 72, "candidate_color": 1, "winner": 1, "outcome": "win", "cutoff_reason": null, "ply": 75}, "elapsed": 324.4}
{"finished": 74, "last": {"game": 73, "candidate_color": -1, "winner": -1, "outcome": "win", "cutoff_reason": null, "ply": 74}, "elapsed": 328.6}
{"finished": 75, "last": {"game": 74, "candidate_color": 1, "winner": 1, "outcome": "win", "cutoff_reason": null, "ply": 101}, "elapsed": 334.4}
{"finished": 76, "last": {"game": 75, "candidate_color": -1, "winner": -1, "outcome": "win", "cutoff_reason": null, "ply": 24}, "elapsed": 335.4}
{"finished": 77, "last": {"game": 76, "candidate_color": 1, "winner": -1, "outcome": "loss", "cutoff_reason": null, "ply": 96}, "elapsed": 340.9}
{"finished": 78, "last": {"game": 77, "candidate_color": -1, "winner": -1, "outcome": "win", "cutoff_reason": null, "ply": 78}, "elapsed": 345.5}
{"finished": 79, "last": {"game": 78, "candidate_color": 1, "winner": 1, "outcome": "win", "cutoff_reason": null, "ply": 47}, "elapsed": 348.0}
{"finished": 80, "last": {"game": 79, "candidate_color": -1, "winner": -1, "outcome": "win", "cutoff_reason": null, "ply": 62}, "elapsed": 351.5}
{"candidate": "/workspace/gipf/checkpoints/final/20260909T191906Z/final_mlp-245c840d5037.pt", "champion": "/workspace/gipf/checkpoints/final/20260909T191906Z/champion-before-final_mlp-d5a7e3bda296.pt", "hashes": ["245c840d503758561e2b3045ba607b4821ff58149b8488fd2c2d460f6dd22176", "d5a7e3bda2966a79d22cf34f131976907260e679683d0e2680d935312f41c2f6"], "models": [{"games": 103668, "iteration": 1640, "config": {"kind": "mlp", "width": 256, "blocks": 2, "head": "flat"}}, {"games": 43869, "iteration": 727, "config": {"kind": "resnet", "width": 32, "blocks": 2, "head": "flat"}}], "wins": 40, "losses": 40, "cutoffs": 0, "unfinished": 0, "win_rate_decisive": 0.5, "wilson_95_decisive": [0.3929741508611972, 0.6070258491388028], "candidate_root_simulations": {"count": 3496, "mean": 496.9130434782609, "min": 122, "max": 10000}, "champion_root_simulations": {"count": 3519, "mean": 263.14833759590795, "min": 56, "max": 10000}, "candidate_search_seconds": {"count": 3496, "mean": 0.04990304775058678, "min": 0.024784017354249954, "max": 0.06880497559905052}, "champion_search_seconds": {"count": 3519, "mean": 0.050077231335695846, "min": 0.025280915200710297, "max": 0.06145484372973442}, "elapsed_seconds": 351.4921790063381}
